---
source: tui/src/chatwidget/tests/mcp_startup.rs
assertion_line: 118
expression: normalized_backend_snapshot(terminal.backend())
---
"                                                                                "
"• Booting MCP server: alpha (0s • esc to interrupt)                             "
"                                                                                "
"                                                                                "
"› Ask PFTerminal to do anything                                                 "
"                                                                                "
"  zai-org/GLM-5.2-FP8 standard · /tmp/project                                   "
