---
source: tui/src/chatwidget/tests/guardian.rs
assertion_line: 548
expression: normalize_snapshot_paths(rendered)
---
• Reviewing 2 approval requests (0s • esc to interrupt)
  └ • rm -rf '/tmp/guardian target 1'
    • rm -rf '/tmp/guardian target 2'


› Ask PFTerminal to do anything

  zai-org/GLM-5.2-FP8 standard · /tmp/project
