---
source: tui/src/chatwidget/tests/side.rs
assertion_line: 343
expression: normalized_backend_snapshot(terminal.backend())
---
"                                                                                "
"• Working (0s • esc to interrupt)                                               "
"                                                                                "
"                                                                                "
"› Ask PFTerminal to do anything                                                 "
"                                                                                "
"  zai-org/GLM-5.2-FP8 standard                                Side starting...  "
