---
source: tui/src/chatwidget/tests/guardian.rs
assertion_line: 169
expression: normalize_snapshot_paths(term.backend().vt100().screen().contents())
---





✔ Auto-reviewer approved codex to run rm -f /tmp/guardian-approved.sqlite this
  time


› Ask PFTerminal to do anything

  zai-org/GLM-5.2-FP8 standard · /tmp/project
