---
source: tui/src/chatwidget/tests/exec_flow.rs
assertion_line: 288
expression: normalized_backend_snapshot(terminal.backend())
---
"                                                                                "
"• Working (0s • esc to interrupt) · 1 background terminal running · /ps to view…"
"                                                                                "
"                                                                                "
"› Ask PFTerminal to do anything                                                 "
"                                                                                "
"  zai-org/GLM-5.2-FP8 standard · /tmp/project                                   "
