---
source: tui/src/chatwidget/tests/popups_and_settings.rs
assertion_line: 2568
expression: popup
---
  Select Model and Effort
  Access legacy models by running codex -m <model_name> or in your config.toml

› 1. zai-org/GLM-5.2-FP8 (default)  Ambient's default GLM 5.2 coding model.

  Press enter to confirm or esc to go back
