---
source: tui/src/chatwidget/tests/status_and_layout.rs
assertion_line: 1445
expression: snapshot
---
"                                                                                "
"• Working (0s • esc to interrupt)                                               "
"                                                                                "
"                                                                                "
"› Ask PFTerminal to do anything                                                 "
"                                                                                "
"  zai-org/GLM-5.2-FP8 standard · /tmp/project       Goal paused (/goal resume)  "
