---
source: tui/src/chatwidget/tests/popups_and_settings.rs
expression: popup
---
  Select Model and Effort
  Access hidden models by running pfterminal -m <model_name> or in your config

     Coding Plans                   Ambient and Z.AI plan-backed models
› 1. zai-org/GLM-5.2-FP8 (current)  zai-org/GLM-5.2-FP8 description

  Press enter to confirm or esc to go back
